7x7-p84-seeded-random game 11 completed in 1.214s
7x7-p84-seeded-random game 12 completed in 0.331s
7x7-p84-seeded-random game 13 completed in 0.462s
7x7-p84-seeded-random game 14 completed in 0.240s
7x7-p84-seeded-random game 15 completed in 0.087s
7x7-p84-seeded-random game 21 completed in 1.041s
7x7-p84-seeded-random game 22 completed in 0.217s
7x7-p84-seeded-random game 1 completed in 1.2497x7-p84-seeded-random game 23 completed in s
0.219s
7x7-p84-seeded-random game 6 completed in 1.036s
7x7-p84-seeded-random game 2 completed in 0.416s
7x7-p84-seeded-random game 24 completed in 0.454s
7x7-p84-seeded-random game 3 completed in 0.155s
7x7-p84-seeded-random game 7 completed in 0.490s
7x7-p84-seeded-random game 16 completed in 1.171s
7x7-p84-seeded-random game 25 completed in 0.178s
7x7-p84-seeded-random game 4 completed in 0.169s
7x7-p84-seeded-random game 26 completed in 1.004s
7x7-p84-seeded-random game 8 completed in 7x7-p84-seeded-random game 0.223s
7x7-p84-seeded-random game 5 completed in 0.123s
17 completed in 0.240s
7x7-p84-seeded-random game 27 completed in 0.272s
7x7-p84-seeded-random game 9 completed in 0.159s
7x7-p84-seeded-random game 10 completed in 0.074s
7x7-p84-seeded-random game 28 completed in 0.209s
7x7-p84-seeded-random game 18 completed in 0.243s
7x7-p84-seeded-random game 29 completed in 0.081s
7x7-p84-seeded-random game 197x7-p84-seeded-random game  completed in 300.094s
 completed in 0.082s
7x7-p84-seeded-random game 20 completed in 0.065s
7x7-p84-seeded-random game 51 completed in 0.651s
7x7-p84-seeded-random game 56 completed in 0.842s
7x7-p84-seeded-random game 52 completed in 0.408s
7x7-p84-seeded-random game 57 completed in 0.367s
7x7-p84-seeded-random game 53 completed in 0.180s
7x7-p84-seeded-random game 58 completed in 0.173s
7x7-p84-seeded-random game 54 completed in 0.111s
7x7-p84-seeded-random game 55 completed in 0.072s
7x7-p84-seeded-random game 59 completed in 0.117s
7x7-p84-seeded-random game 60 completed in 0.049s
7x7-p84-seeded-random game 41 completed in 1.243s
7x7-p84-seeded-random game 42 completed in 0.290s
7x7-p84-seeded-random game 43 completed in 0.339s
7x7-p84-seeded-random game 46 completed in 1.260s
7x7-p84-seeded-random game 44 completed in 0.399s
7x7-p84-seeded-random game 47 completed in 0.242s
7x7-p84-seeded-random game 48 completed in 0.300s
7x7-p84-seeded-random game 49 completed in 0.068s
7x7-p84-seeded-random game 45 completed in 0.440s
7x7-p84-seeded-random game 50 completed in 0.075s
7x7-p84-seeded-random game 36 completed in 1.907s
7x7-p84-seeded-random game 37 completed in 0.155s
7x7-p84-seeded-random game 38 completed in 0.157s
7x7-p84-seeded-random game 39 completed in 0.386s
7x7-p84-seeded-random game 40 completed in 0.082s
7x7-p84-seeded-random game 31 completed in 0.561s
7x7-p84-seeded-random game 32 completed in 0.234s
7x7-p84-seeded-random game 33 completed in 0.228s
7x7-p84-seeded-random game 34 completed in 0.200s
7x7-p84-seeded-random game 35 completed in 0.164s
7x7-p84-seeded-random game 81 completed in 0.800s
7x7-p84-seeded-random game 82 completed in 0.275s
7x7-p84-seeded-random game 83 completed in 0.106s
7x7-p84-seeded-random game 84 completed in 0.382s
7x7-p84-seeded-random7x7-p84-seeded-random game  game 8586 completed in  completed in 0.4611.234ss

7x7-p84-seeded-random game 87 completed in 0.144s
7x7-p84-seeded-random game 76 completed in 1.018s
7x7-p84-seeded-random game 88 completed in 0.133s
7x7-p84-seeded-random game 77 completed in 0.174s
7x7-p84-seeded-random game 89 completed in 0.101s
7x7-p84-seeded-random game 78 completed in 0.140s
7x7-p84-seeded-random game 90 completed in 0.243s
7x7-p84-seeded-random game 79 completed in 0.267s
7x7-p84-seeded-random game 80 completed in 0.093s
7x7-p84-seeded-random game 61 completed in 0.939s
7x7-p84-seeded-random game 62 completed in 0.537s
7x7-p84-seeded-random game 63 completed in 0.302s
7x7-p84-seeded-random game 64 completed in 0.071s
7x7-p84-seeded-random game 65 completed in 0.063s
7x7-p84-seeded-random game 66 completed in 1.530s
7x7-p84-seeded-random game 67 completed in 0.198s
7x7-p84-seeded-random game 96 completed in 0.795s
7x7-p84-seeded-random game 97 completed in 0.125s
7x7-p84-seeded-random game 68 completed in 0.632s
7x7-p84-seeded-random game 98 completed in 0.173s
7x7-p84-seeded-random game 69 completed in 0.168s
7x7-p84-seeded-random7x7-p84-seeded-random game  game 9970 completed in  completed in 0.0940.164ss

7x7-p84-seeded-random game 100 completed in 0.089s
7x7-p84-seeded-random game 71 completed in 1.041s
7x7-p84-seeded-random game 72 completed in 0.271s
7x7-p84-seeded-random game 73 completed in 0.237s
7x7-p84-seeded-random game 74 completed in 0.253s
7x7-p84-seeded-random game 75 completed in 0.091s
7x7-p84-seeded-random game 91 completed in 0.875s
7x7-p84-seeded-random game 92 completed in 0.765s
7x7-p84-seeded-random game 93 completed in 0.197s
7x7-p84-seeded-random game 94 completed in 0.181s
7x7-p84-seeded-random game 95 completed in 0.122s
7x7-p84-uct-0100 game 11 completed in 272.786s
7x7-p84-uct-0100 game 16 completed in 271.026s
7x7-p84-uct-0100 game 26 completed in 263.670s
7x7-p84-uct-0100 game 1 completed in 275.946s
7x7-p84-uct-0100 game 6 completed in 281.802s
7x7-p84-uct-0100 game 21 completed in 284.869s
7x7-p84-uct-0100 game 27 completed in 254.499s
7x7-p84-uct-0100 game 12 completed in 261.658s
7x7-p84-uct-0100 game 17 completed in 261.941s
7x7-p84-uct-0100 game 2 completed in 263.562s
7x7-p84-uct-0100 game 7 completed in 265.111s
7x7-p84-uct-0100 game 22 completed in 264.936s
7x7-p84-uct-0100 game 28 completed in 230.518s
7x7-p84-uct-0100 game 13 completed in 236.972s
7x7-p84-uct-0100 game 18 completed in 237.881s
7x7-p84-uct-0100 game 3 completed in 239.124s
7x7-p84-uct-0100 game 23 completed in 240.342s
7x7-p84-uct-0100 game 8 completed in 241.323s
7x7-p84-uct-0100 game 29 completed in 233.104s
7x7-p84-uct-0100 game 14 completed in 236.222s
7x7-p84-uct-0100 game 19 completed in 235.289s
7x7-p84-uct-0100 game 4 completed in 238.112s
7x7-p84-uct-0100 game 24 completed in 233.528s
7x7-p84-uct-0100 game 9 completed in 240.902s
7x7-p84-uct-0100 game 30 completed in 234.134s
7x7-p84-uct-0100 game 15 completed in 241.723s
7x7-p84-uct-0100 game 20 completed in 241.100s
7x7-p84-uct-0100 game 5 completed in 247.162s
7x7-p84-uct-0100 game 25 completed in 248.959s
7x7-p84-uct-0100 game 10 completed in 251.897s
7x7-p84-uct-0100 game 31 completed in 269.701s
7x7-p84-uct-0100 game 41 completed in 267.722s
7x7-p84-uct-0100 game 36 completed in 269.873s
7x7-p84-uct-0100 game 46 completed in 257.361s
7x7-p84-uct-0100 game 32 completed in 248.869s
7x7-p84-uct-0100 game 47 completed in 240.878s
7x7-p84-uct-0100 game 42 completed in 244.460s
7x7-p84-uct-0100 game 37 completed in 246.316s
7x7-p84-uct-0100 game 33 completed in 222.720s
7x7-p84-uct-0100 game 48 completed in 209.431s
7x7-p84-uct-0100 game 43 completed in 219.121s
7x7-p84-uct-0100 game 38 completed in 218.046s
7x7-p84-uct-0100 game 34 completed in 195.326s
7x7-p84-uct-0100 game 49 completed in 192.146s
7x7-p84-uct-0100 game 44 completed in 196.890s
7x7-p84-uct-0100 game 39 completed in 197.307s
7x7-p84-uct-0500 game 1 completed in 1103.520s
7x7-p84-uct-0100 game 50 completed in 209.347s
7x7-p84-uct-0100 game 35 completed in 217.848s
7x7-p84-uct-0500 game 6 completed in 1107.806s
7x7-p84-uct-0100 game 45 completed in 217.243s
7x7-p84-uct-0100 game 40 completed in 224.512s
7x7-p84-uct-0500 game 26 completed in 1028.188s
7x7-p84-uct-0500 game 16 completed in 1053.722s
7x7-p84-uct-0500 game 11 completed in 1074.395s
7x7-p84-uct-0500 game 7 completed in 1066.891s
7x7-p84-uct-0500 game 2 completed in 1109.442s
7x7-p84-uct-0500 game 21 completed in 1087.123s
7x7-p84-uct-0500 game 8 completed in 1221.297s
7x7-p84-uct-0500 game 27 completed in 1235.434s
7x7-p84-uct-0500 game 17 completed in 1246.265s
7x7-p84-uct-0500 game 12 completed in 1261.797s
7x7-p84-uct-0500 game 22 completed in 1242.466s
7x7-p84-uct-0500 game 3 completed in 1253.479s
7x7-p84-uct-0500 game 28 completed in 1198.660s
7x7-p84-uct-0500 game 9 completed in 1227.807s
7x7-p84-uct-0500 game 18 completed in 1218.989s
7x7-p84-uct-0500 game 13 completed in 1216.279s
7x7-p84-uct-0500 game 4 completed in 1207.895s
7x7-p84-uct-0500 game 23 completed in 1216.990s
7x7-p84-uct-0500 game 29 completed in 1060.030s
7x7-p84-uct-0500 game 10 completed in 1039.806s
7x7-p84-uct-0500 game 19 completed in 1052.481s
7x7-p84-uct-0500 game 24 completed in 1021.735s
7x7-p84-uct-0500 game 14 completed in 1048.777s
7x7-p84-uct-0500 game 5 completed in 1049.870s
7x7-p84-uct-0500 game 30 completed in 1038.955s
7x7-p84-uct-0500 game 31 completed in 1059.422s
7x7-p84-uct-0500 game 20 completed in 1048.962s
7x7-p84-uct-0500 game 25 completed in 1056.621s
7x7-p84-uct-0500 game 15 completed in 1050.050s
7x7-p84-uct-0500 game 36 completed in 1056.035s
7x7-p84-uct-0500 game 41 completed in 1045.938s
7x7-p84-uct-0500 game 32 completed in 1067.450s
7x7-p84-uct-0500 game 46 completed in 1097.728s
7x7-p84-uct-0500 game 37 completed in 1058.181s
7x7-p84-uct-1000 game 6 completed in 1996.870s
7x7-p84-uct-0500 game 42 completed in 1049.710s
7x7-p84-uct-0500 game 33 completed in 1052.101s
7x7-p84-uct-0500 game 47 completed in 1049.168s
7x7-p84-uct-1000 game 1 completed in 2142.014s
7x7-p84-uct-0500 game 38 completed in 1064.813s
7x7-p84-uct-0500 game 43 completed in 984.768s
7x7-p84-uct-0500 game 34 completed in 1000.937s
7x7-p84-uct-0500 game 48 completed in 1018.683s
7x7-p84-uct-0500 game 39 completed in 1040.550s
7x7-p84-uct-1000 game 7 completed in 1964.702s
7x7-p84-uct-0500 game 44 completed in 1010.168s
7x7-p84-uct-0500 game 35 completed in 1038.911s
7x7-p84-uct-1000 game 2 completed in 2036.708s
7x7-p84-uct-0500 game 49 completed in 1039.030s
7x7-p84-uct-0500 game 40 completed in 1050.245s
7x7-p84-uct-0500 game 45 completed in 1029.943s
7x7-p84-uct-0500 game 50 completed in 1025.579s
7x7-p84-uct-1000 game 8 completed in 2100.154s
7x7-p84-uct-1000 game 11 completed in 2037.884s
7x7-p84-uct-1000 game 16 completed in 2063.827s
7x7-p84-uct-1000 game 3 completed in 2137.948s
7x7-p84-uct-1000 game 21 completed in 2074.871s
7x7-p84-uct-1000 game 26 completed in 2067.904s
7x7-p84-uct-1000 game 9 completed in 1984.777s
7x7-p84-uct-1000 game 12 completed in 1977.111s
7x7-p84-uct-1000 game 17 completed in 2059.280s
7x7-p84-uct-1000 game 4 completed in 2059.714s
7x7-p84-uct-1000 game 22 completed in 2078.172s
7x7-p84-uct-1000 game 27 completed in 2038.498s
7x7-p84-uct-1000 game 10 completed in 1955.199s
7x7-p84-uct-1000 game 13 completed in 1998.533s
7x7-p84-uct-1000 game 18 completed in 1964.892s
7x7-p84-uct-1000 game 5 completed in 2100.017s
7x7-p84-uct-1000 game 23 completed in 2077.209s
7x7-p84-uct-1000 game 28 completed in 2091.276s
7x7-p84-uct-1000 game 31 completed in 1992.586s
7x7-p84-uct-1000 game 14 completed in 1979.527s
7x7-p84-uct-1000 game 19 completed in 2008.875s
7x7-p84-uct-1000 game 36 completed in 2007.422s
7x7-p84-uct-1000 game 24 completed in 2030.780s
7x7-p84-uct-1000 game 29 completed in 1992.525s
7x7-p84-uct-1000 game 32 completed in 1967.432s
7x7-p84-uct-1000 game 15 completed in 1985.242s
7x7-p84-uct-1000 game 20 completed in 2001.340s
7x7-p84-uct-1000 game 37 completed in 2006.865s
7x7-p84-uct-1000 game 30 completed in 2024.162s
7x7-p96-seeded-random game 1 completed in 0.372s
7x7-p96-seeded-random game 2 completed in 0.205s
7x7-p96-seeded-random game 3 completed in 0.092s
7x7-p96-seeded-random game 4 completed in 0.084s
7x7-p96-seeded-random game 5 completed in 0.058s
7x7-p96-seeded-random game 6 completed in 0.450s
7x7-p96-seeded-random game 7 completed in 0.135s
7x7-p96-seeded-random game 8 completed in 0.105s
7x7-p96-seeded-random game 9 completed in 0.131s
7x7-p96-seeded-random game 10 completed in 0.086s
7x7-p96-seeded-random game 11 completed in 0.350s
7x7-p96-seeded-random game 12 completed in 0.096s
7x7-p96-seeded-random game 13 completed in 0.106s
7x7-p96-seeded-random game 14 completed in 0.122s
7x7-p96-seeded-random game 15 completed in 0.070s
7x7-p84-uct-1000 game 25 completed in 2119.104s
7x7-p96-seeded-random game 16 completed in 0.520s
7x7-p96-seeded-random game 17 completed in 0.108s
7x7-p96-seeded-random game 18 completed in 0.098s
7x7-p96-seeded-random game 19 completed in 0.115s
7x7-p96-seeded-random game 20 completed in 0.084s
7x7-p96-seeded-random game 21 completed in 0.572s
7x7-p96-seeded-random game 22 completed in 0.138s
7x7-p96-seeded-random game 23 completed in 0.262s
7x7-p96-seeded-random game 24 completed in 0.169s
7x7-p96-seeded-random game 25 completed in 0.077s
7x7-p96-seeded-random game 26 completed in 0.574s
7x7-p96-seeded-random game 27 completed in 0.154s
7x7-p96-seeded-random game 28 completed in 0.133s
7x7-p96-seeded-random game 29 completed in 0.085s
7x7-p96-seeded-random game 30 completed in 0.056s
7x7-p96-seeded-random game 31 completed in 0.643s
7x7-p96-seeded-random game 32 completed in 0.184s
7x7-p96-seeded-random game 33 completed in 0.150s
7x7-p96-seeded-random game 34 completed in 0.108s
7x7-p96-seeded-random game 35 completed in 0.059s
7x7-p96-seeded-random game 36 completed in 0.499s
7x7-p96-seeded-random game 37 completed in 0.132s
7x7-p96-seeded-random game 38 completed in 0.098s
7x7-p96-seeded-random game 39 completed in 0.096s
7x7-p96-seeded-random game 40 completed in 0.166s
7x7-p96-seeded-random game 41 completed in 0.390s
7x7-p96-seeded-random game 42 completed in 0.137s
7x7-p96-seeded-random game 43 completed in 0.132s
7x7-p96-seeded-random game 44 completed in 0.085s
7x7-p96-seeded-random game 45 completed in 0.058s
7x7-p96-seeded-random game 46 completed in 0.393s
7x7-p96-seeded-random game 47 completed in 0.129s
7x7-p96-seeded-random game 48 completed in 0.151s
7x7-p96-seeded-random game 49 completed in 0.128s
7x7-p96-seeded-random game 50 completed in 0.117s
7x7-p96-seeded-random game 51 completed in 0.430s
7x7-p96-seeded-random game 52 completed in 0.129s
7x7-p96-seeded-random game 53 completed in 0.112s
7x7-p96-seeded-random game 54 completed in 0.187s
7x7-p96-seeded-random game 55 completed in 0.101s
7x7-p96-seeded-random game 56 completed in 0.316s
7x7-p96-seeded-random game 57 completed in 0.099s
7x7-p96-seeded-random game 58 completed in 0.109s
7x7-p96-seeded-random game 59 completed in 0.101s
7x7-p96-seeded-random game 60 completed in 0.106s
7x7-p96-seeded-random game 61 completed in 0.313s
7x7-p96-seeded-random game 62 completed in 0.167s
7x7-p96-seeded-random game 63 completed in 0.101s
7x7-p96-seeded-random game 64 completed in 0.127s
7x7-p96-seeded-random game 65 completed in 0.129s
7x7-p96-seeded-random game 66 completed in 0.421s
7x7-p96-seeded-random game 67 completed in 0.138s
7x7-p96-seeded-random game 68 completed in 0.094s
7x7-p96-seeded-random game 69 completed in 0.116s
7x7-p96-seeded-random game 70 completed in 0.085s
7x7-p96-seeded-random game 71 completed in 0.363s
7x7-p96-seeded-random game 72 completed in 0.232s
7x7-p96-seeded-random game 73 completed in 0.198s
7x7-p96-seeded-random game 74 completed in 0.184s
7x7-p96-seeded-random game 75 completed in 0.099s
7x7-p96-seeded-random game 76 completed in 0.524s
7x7-p96-seeded-random game 77 completed in 0.204s
7x7-p96-seeded-random game 78 completed in 0.108s
7x7-p96-seeded-random game 79 completed in 0.066s
7x7-p96-seeded-random game 80 completed in 0.063s
7x7-p96-seeded-random game 81 completed in 0.459s
7x7-p96-seeded-random game 82 completed in 0.147s
7x7-p96-seeded-random game 83 completed in 0.113s
7x7-p96-seeded-random game 84 completed in 0.066s
7x7-p96-seeded-random game 85 completed in 0.061s
7x7-p96-seeded-random game 86 completed in 0.539s
7x7-p96-seeded-random game 87 completed in 0.095s
7x7-p96-seeded-random game 88 completed in 0.080s
7x7-p96-seeded-random game 89 completed in 0.124s
7x7-p96-seeded-random game 90 completed in 0.074s
7x7-p96-seeded-random game 91 completed in 0.517s
7x7-p96-seeded-random game 92 completed in 0.186s
7x7-p96-seeded-random game 93 completed in 0.301s
7x7-p96-seeded-random game 94 completed in 0.102s
7x7-p96-seeded-random game 95 completed in 0.100s
7x7-p96-seeded-random game 96 completed in 0.434s
7x7-p96-seeded-random game 97 completed in 0.206s
7x7-p96-seeded-random game 98 completed in 0.125s
7x7-p96-seeded-random game 99 completed in 0.125s
7x7-p96-seeded-random game 100 completed in 0.104s
7x7-p96-uct-0100 game 1 completed in 284.764s
7x7-p96-uct-0100 game 6 completed in 278.711s
7x7-p84-uct-1000 game 33 completed in 2109.344s
7x7-p96-uct-0100 game 7 completed in 274.630s
7x7-p96-uct-0100 game 2 completed in 277.577s
7x7-p84-uct-1000 game 41 completed in 2072.043s
7x7-p96-uct-0100 game 8 completed in 255.564s
7x7-p96-uct-0100 game 3 completed in 255.669s
7x7-p84-uct-1000 game 46 completed in 2063.611s
7x7-p84-uct-1000 game 38 completed in 2077.196s
7x7-p96-uct-0100 game 4 completed in 256.475s
7x7-p96-uct-0100 game 9 completed in 259.105s
7x7-p96-uct-0100 game 10 completed in 262.472s
7x7-p96-uct-0100 game 5 completed in 265.504s
7x7-p96-uct-0100 game 16 completed in 268.509s
7x7-p96-uct-0100 game 11 completed in 271.793s
7x7-p96-uct-0100 game 17 completed in 269.784s
7x7-p96-uct-0100 game 12 completed in 271.682s
7x7-p96-uct-0100 game 18 completed in 268.234s
7x7-p96-uct-0100 game 13 completed in 269.998s
7x7-p96-uct-0100 game 14 completed in 269.231s
7x7-p96-uct-0100 game 19 completed in 274.739s
7x7-p84-uct-1000 game 34 completed in 1980.083s
7x7-p84-uct-1000 game 42 completed in 1957.704s
7x7-p96-uct-0100 game 15 completed in 269.798s
7x7-p96-uct-0100 game 20 completed in 272.268s
7x7-p84-uct-1000 game 47 completed in 1958.324s
7x7-p96-uct-0100 game 26 completed in 270.256s
7x7-p96-uct-0100 game 21 completed in 284.186s
7x7-p84-uct-1000 game 39 completed in 2027.626s
7x7-p96-uct-0100 game 27 completed in 269.044s
7x7-p96-uct-0100 game 22 completed in 266.344s
7x7-p96-uct-0100 game 28 completed in 268.397s
7x7-p96-uct-0100 game 23 completed in 279.191s
7x7-p96-uct-0100 game 29 completed in 268.473s
7x7-p96-uct-0100 game 24 completed in 276.914s
7x7-p96-uct-0100 game 30 completed in 269.092s
7x7-p96-uct-0100 game 25 completed in 278.792s
7x7-p96-uct-0100 game 31 completed in 287.804s
7x7-p96-uct-0100 game 36 completed in 280.403s
7x7-p84-uct-1000 game 35 completed in 2007.447s
7x7-p84-uct-1000 game 43 completed in 1954.016s
7x7-p96-uct-0100 game 32 completed in 279.639s
7x7-p96-uct-0100 game 37 completed in 275.288s
7x7-p96-uct-0100 game 41 completed in 289.286s
7x7-p84-uct-1000 game 48 completed in 2014.893s
7x7-p96-uct-0100 game 33 completed in 318.637s
7x7-p96-uct-0100 game 38 completed in 318.888s
7x7-p84-uct-1000 game 40 completed in 2011.722s
7x7-p96-uct-0100 game 42 completed in 304.982s
7x7-p96-uct-0100 game 34 completed in 278.950s
7x7-p96-uct-0100 game 39 completed in 265.741s
7x7-p96-uct-0100 game 46 completed in 253.697s
7x7-p96-uct-0100 game 43 completed in 243.549s
7x7-p96-uct-0100 game 35 completed in 248.558s
7x7-p96-uct-0100 game 40 completed in 246.000s
7x7-p96-uct-0100 game 47 completed in 273.918s
7x7-p96-uct-0100 game 44 completed in 275.738s
7x7-p96-uct-0100 game 48 completed in 276.631s
7x7-p96-uct-0100 game 45 completed in 269.521s
7x7-p96-uct-0100 game 49 completed in 283.290s
7x7-p96-uct-0100 game 50 completed in 285.264s
7x7-p84-uct-1000 game 44 completed in 2010.389s
7x7-p84-uct-1000 game 49 completed in 1952.698s
7x7-p96-uct-0500 game 1 completed in 1362.938s
7x7-p96-uct-0500 game 6 completed in 1364.137s
7x7-p96-uct-0500 game 11 completed in 1415.988s
7x7-p96-uct-0500 game 16 completed in 1349.499s
7x7-p96-uct-0500 game 2 completed in 1335.083s
7x7-p96-uct-0500 game 7 completed in 1325.194s
7x7-p84-uct-1000 game 45 completed in 1990.048s
7x7-p96-uct-0500 game 12 completed in 1372.324s
7x7-p84-uct-1000 game 50 completed in 1974.156s
7x7-p96-uct-0500 game 17 completed in 1323.272s
7x7-p96-uct-0500 game 8 completed in 1366.990s
7x7-p96-uct-0500 game 3 completed in 1377.113s
7x7-p96-uct-0500 game 21 completed in 1355.485s
7x7-p96-uct-0500 game 13 completed in 1368.619s
7x7-p96-uct-0500 game 26 completed in 1362.918s
7x7-p96-uct-0500 game 18 completed in 1307.646s
7x7-p96-uct-0500 game 9 completed in 1312.070s
7x7-p96-uct-0500 game 4 completed in 1339.639s
7x7-p96-uct-0500 game 22 completed in 1352.490s
7x7-p96-uct-0500 game 14 completed in 1382.932s
7x7-p96-uct-0500 game 27 completed in 1350.324s
7x7-p96-uct-0500 game 19 completed in 1332.842s
7x7-p96-uct-0500 game 10 completed in 1364.671s
7x7-p96-uct-0500 game 5 completed in 1389.643s
7x7-p96-uct-0500 game 23 completed in 1408.440s
7x7-p96-uct-0500 game 28 completed in 1394.587s
7x7-p96-uct-0500 game 15 completed in 1421.454s
7x7-p96-uct-0500 game 20 completed in 1396.254s
7x7-p96-uct-0500 game 31 completed in 1386.842s
7x7-p96-uct-0500 game 36 completed in 1426.849s
7x7-p96-uct-0500 game 24 completed in 1396.919s
7x7-p96-uct-0500 game 41 completed in 1400.755s
7x7-p96-uct-0500 game 29 completed in 1427.662s
7x7-p96-uct-0500 game 46 completed in 1573.107s
7x7-p96-uct-0500 game 32 completed in 1629.892s
7x7-p96-uct-0500 game 37 completed in 1704.715s
7x7-p96-uct-0500 game 25 completed in 1822.104s
7x7-p96-uct-0500 game 42 completed in 1938.458s
7x7-p96-uct-0500 game 30 completed in 1933.859s
7x7-p96-uct-0500 game 47 completed in 1901.785s
7x7-p96-uct-0500 game 33 completed in 1846.126s
7x7-p96-uct-0500 game 38 completed in 1917.653s
7x7-p96-uct-0500 game 43 completed in 1863.174s
7x7-p96-uct-0500 game 48 completed in 1922.609s
7x7-p96-uct-0500 game 34 completed in 1828.163s
7x7-p96-uct-0500 game 39 completed in 1902.882s
7x7-p96-uct-1000 game 1 completed in 3706.969s
7x7-p96-uct-1000 game 6 completed in 3554.364s
7x7-p96-uct-0500 game 44 completed in 1829.383s
7x7-p96-uct-0500 game 49 completed in 1862.288s
7x7-p96-uct-0500 game 35 completed in 1816.775s
7x7-p96-uct-0500 game 40 completed in 1858.368s
7x7-p96-uct-0500 game 45 completed in 1726.362s
7x7-p96-uct-0500 game 50 completed in 1700.446s
7x7-p96-uct-1000 game 2 completed in 3246.543s
7x7-p96-uct-1000 game 7 completed in 3164.760s
7x7-p96-uct-1000 game 11 completed in 3130.834s
7x7-p96-uct-1000 game 16 completed in 2933.257s
7x7-p96-uct-1000 game 21 completed in 2963.944s
7x7-p96-uct-1000 game 26 completed in 3030.525s
7x7-p96-uct-1000 game 3 completed in 3233.871s
7x7-p96-uct-1000 game 8 completed in 3260.966s
7x7-p96-uct-1000 game 17 completed in 3286.922s
7x7-p96-uct-1000 game 12 completed in 3476.936s
7x7-p96-uct-1000 game 22 completed in 3266.832s
7x7-p96-uct-1000 game 27 completed in 3124.974s
7x7-p96-uct-1000 game 4 completed in 2937.002s
7x7-p96-uct-1000 game 9 completed in 2887.775s
7x7-p96-uct-1000 game 18 completed in 2773.568s
7x7-p96-uct-1000 game 13 completed in 2840.861s
7x7-p96-uct-1000 game 23 completed in 2747.488s
7x7-p96-uct-1000 game 28 completed in 2696.037s
7x7-p96-uct-1000 game 5 completed in 2698.657s
7x7-p96-uct-1000 game 10 completed in 2668.534s
7x7-p96-uct-1000 game 19 completed in 2674.908s
7x7-p96-uct-1000 game 14 completed in 2842.024s
7x7-p96-uct-1000 game 24 completed in 2743.119s
7x7-p96-uct-1000 game 29 completed in 2673.150s
7x7-p96-uct-1000 game 31 completed in 2663.774s
7x7-p96-uct-1000 game 36 completed in 2825.652s
7x7-p96-uct-1000 game 20 completed in 2645.206s
7x7-p96-uct-1000 game 15 completed in 2813.834s
7x7-p96-uct-1000 game 25 completed in 2671.762s
7x7-p96-uct-1000 game 30 completed in 2716.112s
7x7-p96-uct-1000 game 32 completed in 2492.055s
7x7-p96-uct-1000 game 37 completed in 2515.728s
7x7-p96-uct-1000 game 41 completed in 2306.850s
7x7-p96-uct-1000 game 46 completed in 2185.923s
7x7-p96-uct-1000 game 33 completed in 2014.979s
7x7-p96-uct-1000 game 38 completed in 2084.681s
7x7-p96-uct-1000 game 42 completed in 2097.779s
7x7-p96-uct-1000 game 47 completed in 2023.874s
7x7-p96-uct-1000 game 34 completed in 1999.412s
7x7-p96-uct-1000 game 39 completed in 2022.881s
7x7-p96-uct-1000 game 43 completed in 2101.436s
7x7-p96-uct-1000 game 48 completed in 2033.031s
7x7-p96-uct-1000 game 35 completed in 1989.553s
7x7-p96-uct-1000 game 40 completed in 2015.493s
7x7-p96-uct-1000 game 44 completed in 1840.036s
7x7-p96-uct-1000 game 49 completed in 1741.236s
7x7-p96-uct-1000 game 45 completed in 1485.643s
7x7-p96-uct-1000 game 50 completed in 1438.329s
Generated 500 games; only operational status was emitted by this command
